============================= test session starts =============================
platform win32 -- Python 3.11.6, pytest-8.0.2, pluggy-1.5.0 -- C:\Users\massm\AppData\Local\Programs\Python\Python311\python.exe
cachedir: .pytest_cache
rootdir: D:\college2-main\backend
configfile: pytest.ini
plugins: anyio-4.3.0, asyncio-0.23.5, cov-4.1.0
asyncio: mode=Mode.AUTO
collecting ... collected 13 items

tests/test_auth.py::test_register_user ERROR                             [  7%]
tests/test_auth.py::test_login_invalid_credentials ERROR                 [ 15%]
tests/test_auth.py::test_root_endpoint ERROR                             [ 23%]
tests/test_students.py::test_create_student ERROR                        [ 30%]
tests/test_students.py::test_get_students_paginated ERROR                [ 38%]
tests/test_students.py::test_get_student_not_found ERROR                 [ 46%]
tests/test_faculty.py::test_create_faculty ERROR                         [ 53%]
tests/test_workflows.py::test_attendance_workflow ERROR                  [ 61%]
tests/test_workflows.py::test_marks_workflow ERROR                       [ 69%]
tests/test_workflows.py::test_fee_payments_list ERROR                    [ 76%]
tests/test_secondary.py::test_announcement_workflow ERROR                [ 84%]
tests/test_secondary.py::test_grievance_workflow ERROR                   [ 92%]
tests/test_secondary.py::test_attendance_workflow ERROR                  [100%]

=================================== ERRORS ====================================
____________________ ERROR at setup of test_register_user _____________________
ScopeMismatch: You tried to access the function scoped fixture mock_db with a session scoped request object, involved factories:
tests\conftest.py:62:  def client(mock_db, mock_redis)
tests\conftest.py:13:  def mock_db()
______________ ERROR at setup of test_login_invalid_credentials _______________
ScopeMismatch: You tried to access the function scoped fixture mock_db with a session scoped request object, involved factories:
tests\conftest.py:62:  def client(mock_db, mock_redis)
tests\conftest.py:13:  def mock_db()
____________________ ERROR at setup of test_root_endpoint _____________________
ScopeMismatch: You tried to access the function scoped fixture mock_db with a session scoped request object, involved factories:
tests\conftest.py:62:  def client(mock_db, mock_redis)
tests\conftest.py:13:  def mock_db()
____________________ ERROR at setup of test_create_student ____________________
ScopeMismatch: You tried to access the function scoped fixture mock_db with a session scoped request object, involved factories:
tests\conftest.py:62:  def client(mock_db, mock_redis)
tests\conftest.py:13:  def mock_db()
________________ ERROR at setup of test_get_students_paginated ________________
ScopeMismatch: You tried to access the function scoped fixture mock_db with a session scoped request object, involved factories:
tests\conftest.py:62:  def client(mock_db, mock_redis)
tests\conftest.py:13:  def mock_db()
________________ ERROR at setup of test_get_student_not_found _________________
ScopeMismatch: You tried to access the function scoped fixture mock_db with a session scoped request object, involved factories:
tests\conftest.py:62:  def client(mock_db, mock_redis)
tests\conftest.py:13:  def mock_db()
____________________ ERROR at setup of test_create_faculty ____________________
ScopeMismatch: You tried to access the function scoped fixture mock_db with a session scoped request object, involved factories:
tests\conftest.py:62:  def client(mock_db, mock_redis)
tests\conftest.py:13:  def mock_db()
_________________ ERROR at setup of test_attendance_workflow __________________
ScopeMismatch: You tried to access the function scoped fixture mock_db with a session scoped request object, involved factories:
tests\conftest.py:62:  def client(mock_db, mock_redis)
tests\conftest.py:13:  def mock_db()
____________________ ERROR at setup of test_marks_workflow ____________________
ScopeMismatch: You tried to access the function scoped fixture mock_db with a session scoped request object, involved factories:
tests\conftest.py:62:  def client(mock_db, mock_redis)
tests\conftest.py:13:  def mock_db()
__________________ ERROR at setup of test_fee_payments_list ___________________
ScopeMismatch: You tried to access the function scoped fixture mock_db with a session scoped request object, involved factories:
tests\conftest.py:62:  def client(mock_db, mock_redis)
tests\conftest.py:13:  def mock_db()
________________ ERROR at setup of test_announcement_workflow _________________
ScopeMismatch: You tried to access the function scoped fixture mock_db with a session scoped request object, involved factories:
tests\conftest.py:62:  def client(mock_db, mock_redis)
tests\conftest.py:13:  def mock_db()
__________________ ERROR at setup of test_grievance_workflow __________________
ScopeMismatch: You tried to access the function scoped fixture mock_db with a session scoped request object, involved factories:
tests\conftest.py:62:  def client(mock_db, mock_redis)
tests\conftest.py:13:  def mock_db()
_________________ ERROR at setup of test_attendance_workflow __________________
ScopeMismatch: You tried to access the function scoped fixture mock_db with a session scoped request object, involved factories:
tests\conftest.py:62:  def client(mock_db, mock_redis)
tests\conftest.py:13:  def mock_db()
============================== warnings summary ===============================
app\main.py:64
  D:\college2-main\backend\app\main.py:64: DeprecationWarning: 
          on_event is deprecated, use lifespan event handlers instead.
  
          Read more about it in the
          [FastAPI docs for Lifespan Events](https://fastapi.tiangolo.com/advanced/events/).
          
    @app.on_event("startup")

C:\Users\massm\AppData\Local\Programs\Python\Python311\Lib\site-packages\fastapi\applications.py:4495
C:\Users\massm\AppData\Local\Programs\Python\Python311\Lib\site-packages\fastapi\applications.py:4495
  C:\Users\massm\AppData\Local\Programs\Python\Python311\Lib\site-packages\fastapi\applications.py:4495: DeprecationWarning: 
          on_event is deprecated, use lifespan event handlers instead.
  
          Read more about it in the
          [FastAPI docs for Lifespan Events](https://fastapi.tiangolo.com/advanced/events/).
          
    return self.router.on_event(event_type)

app\main.py:70
  D:\college2-main\backend\app\main.py:70: DeprecationWarning: 
          on_event is deprecated, use lifespan event handlers instead.
  
          Read more about it in the
          [FastAPI docs for Lifespan Events](https://fastapi.tiangolo.com/advanced/events/).
          
    @app.on_event("shutdown")

-- Docs: https://docs.pytest.org/en/stable/how-to/capture-warnings.html
=========================== short test summary info ===========================
ERROR tests/test_auth.py::test_register_user - Failed: ScopeMismatch: You tri...
ERROR tests/test_auth.py::test_login_invalid_credentials - Failed: ScopeMisma...
ERROR tests/test_auth.py::test_root_endpoint - Failed: ScopeMismatch: You tri...
ERROR tests/test_students.py::test_create_student - Failed: ScopeMismatch: Yo...
ERROR tests/test_students.py::test_get_students_paginated - Failed: ScopeMism...
ERROR tests/test_students.py::test_get_student_not_found - Failed: ScopeMisma...
ERROR tests/test_faculty.py::test_create_faculty - Failed: ScopeMismatch: You...
ERROR tests/test_workflows.py::test_attendance_workflow - Failed: ScopeMismat...
ERROR tests/test_workflows.py::test_marks_workflow - Failed: ScopeMismatch: Y...
ERROR tests/test_workflows.py::test_fee_payments_list - Failed: ScopeMismatch...
ERROR tests/test_secondary.py::test_announcement_workflow - Failed: ScopeMism...
ERROR tests/test_secondary.py::test_grievance_workflow - Failed: ScopeMismatc...
ERROR tests/test_secondary.py::test_attendance_workflow - Failed: ScopeMismat...
======================= 4 warnings, 13 errors in 0.14s ========================
